-- int8 check
CREATE TABLE int8tmp (a int8);
\copy int8tmp from 'data/test_data_1.data'
SET enable_seqscan=on;
SELECT count(*) FROM int8tmp WHERE a <  464571291354841;
 count 
-------
    10
(1 row)

SELECT count(*) FROM int8tmp WHERE a <= 464571291354841;
 count 
-------
    10
(1 row)

SELECT count(*) FROM int8tmp WHERE a  = 464571291354841;
 count 
-------
     0
(1 row)

SELECT count(*) FROM int8tmp WHERE a >= 464571291354841;
 count 
-------
     0
(1 row)

SELECT count(*) FROM int8tmp WHERE a >  464571291354841;
 count 
-------
     0
(1 row)

-- SELECT a, a <@ '464571291354841' FROM int8tmp ORDER BY a <@ '464571291354841' LIMIT 3;
CREATE INDEX int8idx ON int8tmp USING spgist ( a vptree_ops );
SET enable_seqscan=off;
SELECT count(*) FROM int8tmp WHERE a <  464571291354841::int8;
 count 
-------
    10
(1 row)

SELECT count(*) FROM int8tmp WHERE a <= 464571291354841::int8;
 count 
-------
    10
(1 row)

SELECT count(*) FROM int8tmp WHERE a  = 464571291354841::int8;
 count 
-------
     0
(1 row)

SELECT count(*) FROM int8tmp WHERE a >= 464571291354841::int8;
 count 
-------
     0
(1 row)

SELECT count(*) FROM int8tmp WHERE a >  464571291354841::int8;
 count 
-------
     0
(1 row)

EXPLAIN (COSTS OFF)
SELECT a, a <@ '464571291354841' FROM int8tmp ORDER BY a <@ '464571291354841' LIMIT 3;
ERROR:  malformed record literal: "464571291354841"
LINE 2: SELECT a, a <@ '464571291354841' FROM int8tmp ORDER BY a <@ ...
                       ^
DETAIL:  Missing left parenthesis.
SELECT a, a <@ '464571291354841' FROM int8tmp ORDER BY a <@ '464571291354841' LIMIT 3;
ERROR:  malformed record literal: "464571291354841"
LINE 1: SELECT a, a <@ '464571291354841' FROM int8tmp ORDER BY a <@ ...
                       ^
DETAIL:  Missing left parenthesis.